[www.johnweldoncpa.com/index.html]
[backblue.gif]
[fade.gif]
[index.html]
[www.johnweldoncpa.com/favicon.png]
[maxcdn.bootstrapcdn.com/bootstrap/4.0.0/css/bootstrap.min.css]
[use.fontawesome.com/releases/v5.8.1/css/all.css]
[www.johnweldoncpa.com/index-2.html]
[www.johnweldoncpa.com/site_images/logo.jpg]
[www.johnweldoncpa.com/business-incorporation-services.html]
[www.johnweldoncpa.com/quickbooks-accounting.html]
[www.johnweldoncpa.com/small-business-accounting-services.html]
[www.johnweldoncpa.com/xero.html]
[www.johnweldoncpa.com/our-accounting-services.html]
[www.johnweldoncpa.com/tax-planning-services.html]
[www.johnweldoncpa.com/income-tax-preparation-services.html]
[www.johnweldoncpa.com/irs-tax-problems.html]
[www.johnweldoncpa.com/tax-forms.html]
[www.johnweldoncpa.com/tax-services.html]
[www.johnweldoncpa.com/entertainment-accounting.html]
[www.johnweldoncpa.com/medical-practice-accounting.html]
[www.johnweldoncpa.com/real-estate-accounting.html]
[www.johnweldoncpa.com/technology-accounting.html]
[www.johnweldoncpa.com/industries-we-serve.html]
[www.johnweldoncpa.com/about-us.html]
[www.johnweldoncpa.com/review-us.html]
[www.johnweldoncpa.com/testimonials.html]
[www.johnweldoncpa.com/consultation.html]
[www.johnweldoncpa.com/site_images/squares-470.png]
[www.johnweldoncpa.com/site_images/home-boxes.jpg]
[www.johnweldoncpa.com/site_images/tax-calc.jpg]
[www.johnweldoncpa.com/site_images/papers-woman.jpg]
[www.johnweldoncpa.com/newsletter.html]
[portal.bizpayo.com/images/bizpayo_verified_sm.png]
[www.johnweldoncpa.com/privacy.html]
[www.johnweldoncpa.com/resources.html]
[www.johnweldoncpa.com/contact.html]
[code.jquery.com/jquery-3.3.1.min.js]
[cdnjs.cloudflare.com/ajax/libs/popper.js/1.12.9/umd/popper.min.js]
[maxcdn.bootstrapcdn.com/bootstrap/4.0.0/js/bootstrap.min.js]
[www.johnweldoncpa.com/js/layout470.js]
[www.johnweldoncpa.com/index.html]
[maxcdn.bootstrapcdn.com/bootstrap/4.0.0/css/bootstrap.min.css]
[use.fontawesome.com/releases/v5.8.1/css/all.css]
[www.johnweldoncpa.com/css/main470b883.css]
[www.johnweldoncpa.com/site_images/homepage2.jpg]
[www.johnweldoncpa.com/site_images/la-skyline.jpg]
[www.johnweldoncpa.com/site_images/6biz.jpg]
[www.johnweldoncpa.com/site_images/numbers-gray.jpg]
[www.johnweldoncpa.com/site1930.css]
[www.johnweldoncpa.com/css/animate.min.css]
[www.johnweldoncpa.com/index-2.html]
[www.johnweldoncpa.com/site_images/business-incorporation-250.jpg]
[www.johnweldoncpa.com/common-forms-of-incorporation.html]
[www.johnweldoncpa.com/business-incorporation-services.html]
[www.johnweldoncpa.com/site_images/quickbooks.jpg]
[www.johnweldoncpa.com/quickbooks-accounting.html]
[www.johnweldoncpa.com/images/image_library/website_images/horizontal/business/group/group_3_at_table.jpg]
[www.johnweldoncpa.com/small-business-accounting-services.html]
[www.johnweldoncpa.com/site_images/xero.jpg]
[www.johnweldoncpa.com/site_images/xero-cert.png]
[www.johnweldoncpa.com/xero.html]
[www.johnweldoncpa.com/our-accounting-services.html]
[www.johnweldoncpa.com/site_images/tax-planning.jpg]
[www.johnweldoncpa.com/tax-planning-services.html]
[www.johnweldoncpa.com/site_images/tax-prep.jpg]
[www.johnweldoncpa.com/income-tax-preparation-services.html]
[www.johnweldoncpa.com/site_images/irs.jpg]
[www.johnweldoncpa.com/irs-tax-problems.html]
[www.johnweldoncpa.com/site_images/W4.pdf]
[www.johnweldoncpa.com/site_images/W9.pdf]
[www.johnweldoncpa.com/site_images/Form_1099_Template.xls]
[www.johnweldoncpa.com/site_images/Business Tax Organizer.pdf]
[www.johnweldoncpa.com/site_images/Individual Tax Organizer.pdf]
[www.johnweldoncpa.com/tax-forms.html]
[www.johnweldoncpa.com/tax-services.html]
[www.johnweldoncpa.com/site_images/entertainment.jpg]
[www.johnweldoncpa.com/entertainment-accounting.html]
[www.johnweldoncpa.com/site_images/medical-practice-250.jpg]
[www.johnweldoncpa.com/medical-practice-accounting.html]
[www.johnweldoncpa.com/site_images/real-estate.jpg]
[www.johnweldoncpa.com/real-estate-accounting.html]
[www.johnweldoncpa.com/site_images/technology-250.jpg]
[www.johnweldoncpa.com/technology-accounting.html]
[www.johnweldoncpa.com/industries-we-serve.html]
[www.johnweldoncpa.com/images/jweldon/JohnWeldon.jpg]
[www.johnweldoncpa.com/about-us.html]
[www.johnweldoncpa.com/site_images/google-icon.jpg]
[www.johnweldoncpa.com/site_images/Yelp-icon.png]
[www.johnweldoncpa.com/images/image_library/How to Leave a Google Plus Review.pdf]
[www.johnweldoncpa.com/images/image_library/How to Leave a Yelp Review.pdf]
[www.johnweldoncpa.com/review-us.html]
[www.johnweldoncpa.com/testimonials.html]
[www.google.com/recaptcha/api.js]
[www.johnweldoncpa.com/consultation.html]
[www.johnweldoncpa.com/newsletter.html]
[www.johnweldoncpa.com/privacy.html]
[www.johnweldoncpa.com/content_library.html]
[www.johnweldoncpa.com/calculators.html]
[www.johnweldoncpa.com/taxcenter.html]
[www.johnweldoncpa.com/links.html]
[www.johnweldoncpa.com/resources.html]
[www.johnweldoncpa.com/contact.html]
[www.johnweldoncpa.com/common-forms-of-incorporation.html]
[www.johnweldoncpa.com/content_library6542.html]
[www.johnweldoncpa.com/content_library8d83.html]
[www.johnweldoncpa.com/content_libraryb733.html]
[www.johnweldoncpa.com/content_library93c6.html]
[www.johnweldoncpa.com/content_library3eea.html]
[www.johnweldoncpa.com/content_library3224.html]
[www.johnweldoncpa.com/content_libraryb19f.html]
[www.johnweldoncpa.com/content_librarybeba.html]
[www.johnweldoncpa.com/content_library.html]
[www.johnweldoncpa.com/calculators.html]
[maxcdn.bootstrapcdn.com/font-awesome/4.7.0/css/font-awesome.min.css]
[www.johnweldoncpa.com/state_refund.html]
[www.johnweldoncpa.com/state_forms.html]
[www.johnweldoncpa.com/retentionguide.html]
[www.johnweldoncpa.com/images/tax_organizer.pdf]
[www.johnweldoncpa.com/taxcenter.html]
[www.johnweldoncpa.com/links.html]
[www.johnweldoncpa.com/content_library5f65.html]
[www.johnweldoncpa.com/content_library318e.html]
[www.johnweldoncpa.com/content_libraryd4a7.html]
[www.johnweldoncpa.com/content_library55f2.html]
[www.johnweldoncpa.com/content_library85af.html]
[www.johnweldoncpa.com/content_library7357.html]
[www.johnweldoncpa.com/content_libraryde18.html]
[www.johnweldoncpa.com/content_libraryc2f4.html]
[www.johnweldoncpa.com/content_libraryfb1a.html]
[www.johnweldoncpa.com/content_library628c.html]
[www.johnweldoncpa.com/content_library3af2.html]
[www.johnweldoncpa.com/content_libraryad8b.html]
[www.johnweldoncpa.com/content_library21c2.html]
[www.johnweldoncpa.com/content_library1207.html]
[www.johnweldoncpa.com/content_library9349.html]
[www.johnweldoncpa.com/content_library0ea2.html]
[www.johnweldoncpa.com/content_library445f.html]
[www.johnweldoncpa.com/content_library0d25.html]
[www.johnweldoncpa.com/content_library6dea.html]
[www.johnweldoncpa.com/content_library0220.html]
[www.johnweldoncpa.com/content_library702b.html]
[www.johnweldoncpa.com/content_libraryaae3.html]
[www.johnweldoncpa.com/content_libraryf95d.html]
[www.johnweldoncpa.com/content_libraryd9e1.html]
[www.johnweldoncpa.com/content_libraryd955.html]
[www.johnweldoncpa.com/content_library0921.html]
[www.johnweldoncpa.com/content_library94b3.html]
[www.johnweldoncpa.com/content_library4519.html]
[www.johnweldoncpa.com/content_libraryd940.html]
[www.johnweldoncpa.com/content_library312d.html]
[www.johnweldoncpa.com/content_libraryf2c3.html]
[www.johnweldoncpa.com/content_library7610.html]
[www.johnweldoncpa.com/content_library9053.html]
[www.johnweldoncpa.com/content_library914f.html]
[www.johnweldoncpa.com/content_library084b.html]
[www.johnweldoncpa.com/content_librarycd08.html]
[www.johnweldoncpa.com/content_libraryeb2d.html]
[www.johnweldoncpa.com/content_library61bc.html]
[www.johnweldoncpa.com/content_library8200.html]
[www.johnweldoncpa.com/content_library4df8.html]
[www.johnweldoncpa.com/content_library623b.html]
[www.johnweldoncpa.com/content_librarya26b.html]
[www.johnweldoncpa.com/content_library2a66.html]
[www.johnweldoncpa.com/content_library0851.html]
[www.johnweldoncpa.com/content_library7d14.html]
[www.johnweldoncpa.com/content_libraryf14e.html]
[www.johnweldoncpa.com/content_libraryfb50.html]
[www.johnweldoncpa.com/content_libraryf5bf.html]
[www.johnweldoncpa.com/content_library089e.html]
[www.johnweldoncpa.com/content_library6b85.html]
[www.johnweldoncpa.com/content_libraryea10.html]
[www.johnweldoncpa.com/content_libraryfb55.html]
[www.johnweldoncpa.com/content_librarydceb.html]
[www.johnweldoncpa.com/content_libraryf8a9.html]
[www.johnweldoncpa.com/content_library755e.html]
[www.johnweldoncpa.com/content_library3e52.html]
[www.johnweldoncpa.com/content_library2656.html]
[www.johnweldoncpa.com/content_library5819.html]
[www.johnweldoncpa.com/content_library9bcd.html]
[www.johnweldoncpa.com/content_library1ce7.html]
[www.johnweldoncpa.com/content_library6e99.html]
[www.johnweldoncpa.com/content_library021b.html]
[www.johnweldoncpa.com/content_library117e.html]
[www.johnweldoncpa.com/content_library542b.html]
[www.johnweldoncpa.com/content_library06df.html]
[www.johnweldoncpa.com/content_library27d5.html]
[www.johnweldoncpa.com/content_library8150.html]
[www.johnweldoncpa.com/content_library04b5.html]
[www.johnweldoncpa.com/content_library8b8d.html]
[www.johnweldoncpa.com/content_library77e9.html]
[www.johnweldoncpa.com/content_libraryefe6.html]
[www.johnweldoncpa.com/content_library235a.html]
[www.johnweldoncpa.com/content_libraryba56.html]
[www.johnweldoncpa.com/content_library88dd.html]
[www.johnweldoncpa.com/content_library5a02.html]
[www.johnweldoncpa.com/content_library6b76.html]
[www.johnweldoncpa.com/content_library7646.html]
[www.johnweldoncpa.com/content_libraryc84f.html]
[www.johnweldoncpa.com/content_library8f85.html]
[www.johnweldoncpa.com/content_libraryed09.html]
[www.johnweldoncpa.com/content_library6c48.html]
[www.johnweldoncpa.com/content_library5135.html]
[www.johnweldoncpa.com/content_library6542.html]
[www.johnweldoncpa.com/content_libraryeaac.html]
[www.johnweldoncpa.com/content_library605e.html]
[www.johnweldoncpa.com/content_libraryd49b.html]
[www.johnweldoncpa.com/content_libraryf740.html]
[www.johnweldoncpa.com/content_libraryb6a5.html]
[www.johnweldoncpa.com/content_library52fe.html]
[www.johnweldoncpa.com/content_libraryf6c6.html]
[www.johnweldoncpa.com/content_libraryba9b.html]
[www.johnweldoncpa.com/content_library4c79.html]
[www.johnweldoncpa.com/content_libraryd54b.html]
[www.johnweldoncpa.com/content_library00d9.html]
[www.johnweldoncpa.com/content_library6121.html]
[www.johnweldoncpa.com/content_library60d4.html]
[www.johnweldoncpa.com/content_library2bb5.html]
[www.johnweldoncpa.com/content_librarybb71.html]
[www.johnweldoncpa.com/content_libraryd325.html]
[www.johnweldoncpa.com/content_librarya2d7.html]
[www.johnweldoncpa.com/content_libraryb564.html]
[www.johnweldoncpa.com/content_library4203.html]
[www.johnweldoncpa.com/content_libraryd89b.html]
[www.johnweldoncpa.com/content_libraryecdc.html]
[www.johnweldoncpa.com/content_library132b.html]
[www.johnweldoncpa.com/content_library3c85.html]
[www.johnweldoncpa.com/content_library3af0.html]
[www.johnweldoncpa.com/content_library5fba.html]
[www.johnweldoncpa.com/content_libraryd987.html]
[www.johnweldoncpa.com/content_library0d8e.html]
[www.johnweldoncpa.com/content_library7a43.html]
[www.johnweldoncpa.com/content_librarydcdd.html]
[www.johnweldoncpa.com/content_library053e.html]
[www.johnweldoncpa.com/content_library8d83.html]
[www.johnweldoncpa.com/content_library5239.html]
[www.johnweldoncpa.com/content_library79ae.html]
[www.johnweldoncpa.com/content_libraryc7e3.html]
[www.johnweldoncpa.com/content_library30b1.html]
[www.johnweldoncpa.com/content_library7fc8.html]
[www.johnweldoncpa.com/content_library6a99.html]
[www.johnweldoncpa.com/content_libraryc069.html]
[www.johnweldoncpa.com/content_library32f1.html]
[www.johnweldoncpa.com/content_library2ae6.html]
[www.johnweldoncpa.com/content_libraryd4d6.html]
[www.johnweldoncpa.com/content_library471d.html]
[www.johnweldoncpa.com/content_library2ee8.html]
[www.johnweldoncpa.com/content_library4c0d.html]
[www.johnweldoncpa.com/content_libraryf7ae.html]
[www.johnweldoncpa.com/content_librarybb03.html]
[www.johnweldoncpa.com/content_libraryf591.html]
[www.johnweldoncpa.com/content_libraryfce7.html]
[www.johnweldoncpa.com/content_library4586.html]
[www.johnweldoncpa.com/content_library561e.html]
[www.johnweldoncpa.com/content_library1736.html]
[www.johnweldoncpa.com/content_library5265.html]
[www.johnweldoncpa.com/content_libraryf7ec.html]
[www.johnweldoncpa.com/content_library7d17.html]
[www.johnweldoncpa.com/content_libraryfefe.html]
[www.johnweldoncpa.com/content_libraryfc14.html]
[www.johnweldoncpa.com/content_library35d4.html]
[www.johnweldoncpa.com/content_libraryb049.html]
[www.johnweldoncpa.com/content_librarye673.html]
[www.johnweldoncpa.com/content_libraryf48b.html]
[www.johnweldoncpa.com/content_library2d2f.html]
[www.johnweldoncpa.com/content_library4ebd.html]
[www.johnweldoncpa.com/content_library29ed.html]
[www.johnweldoncpa.com/content_libraryd584.html]
[www.johnweldoncpa.com/content_libraryb401.html]
[www.johnweldoncpa.com/content_library56ed.html]
[www.johnweldoncpa.com/content_library9473.html]
[www.johnweldoncpa.com/content_library8373.html]
[www.johnweldoncpa.com/content_library912e.html]
[www.johnweldoncpa.com/content_library560c.html]
[www.johnweldoncpa.com/content_library4f7a.html]
[www.johnweldoncpa.com/content_libraryf007.html]
[www.johnweldoncpa.com/content_libraryd43e.html]
[www.johnweldoncpa.com/content_library8ba9.html]
[www.johnweldoncpa.com/content_library2f5d.html]
[www.johnweldoncpa.com/content_library46bf.html]
[www.johnweldoncpa.com/content_librarya0fa.html]
[www.johnweldoncpa.com/content_library7b3a.html]
[www.johnweldoncpa.com/content_library2888.html]
[www.johnweldoncpa.com/content_libraryb733.html]
[www.johnweldoncpa.com/content_library689f.html]
[www.johnweldoncpa.com/content_libraryba00.html]
[www.johnweldoncpa.com/content_library6c84.html]
[www.johnweldoncpa.com/content_library3a85.html]
[www.johnweldoncpa.com/content_libraryef80.html]
[www.johnweldoncpa.com/content_library1c44.html]
[www.johnweldoncpa.com/content_library15af.html]
[www.johnweldoncpa.com/content_library420a.html]
[www.johnweldoncpa.com/content_libraryb106.html]
[www.johnweldoncpa.com/content_library8732.html]
[www.johnweldoncpa.com/content_library5807.html]
[www.johnweldoncpa.com/content_libraryd572.html]
[www.johnweldoncpa.com/content_library417a.html]
[www.johnweldoncpa.com/content_library7be6.html]
[www.johnweldoncpa.com/content_library4696.html]
[www.johnweldoncpa.com/content_libraryc655.html]
[www.johnweldoncpa.com/content_library047e.html]
[www.johnweldoncpa.com/content_libraryb989.html]
[www.johnweldoncpa.com/content_library1103.html]
[www.johnweldoncpa.com/content_libraryb3dc.html]
[www.johnweldoncpa.com/content_librarybef3.html]
[www.johnweldoncpa.com/content_library4e47.html]
[www.johnweldoncpa.com/content_library3537.html]
[www.johnweldoncpa.com/content_libraryece1.html]
[www.johnweldoncpa.com/content_libraryd892.html]
[www.johnweldoncpa.com/content_librarycb7a.html]
[www.johnweldoncpa.com/content_library93c6.html]
[www.johnweldoncpa.com/content_library185c.html]
[www.johnweldoncpa.com/content_libraryf807.html]
[www.johnweldoncpa.com/content_librarycb8f.html]
[www.johnweldoncpa.com/content_library8b7b.html]
[www.johnweldoncpa.com/content_library09e4.html]
[www.johnweldoncpa.com/content_library7548.html]
[www.johnweldoncpa.com/content_library14a5.html]
[www.johnweldoncpa.com/content_librarybd00.html]
[www.johnweldoncpa.com/content_libraryc800.html]
[www.johnweldoncpa.com/content_libraryf6d8.html]
[www.johnweldoncpa.com/content_librarye392.html]
[www.johnweldoncpa.com/content_library3eea.html]
[www.johnweldoncpa.com/content_libraryb7e3.html]
[www.johnweldoncpa.com/content_library6eb6.html]
[www.johnweldoncpa.com/content_library4e4a.html]
[www.johnweldoncpa.com/content_library6dc3.html]
[www.johnweldoncpa.com/content_library02f4.html]
[www.johnweldoncpa.com/content_librarycd63.html]
[www.johnweldoncpa.com/content_librarydafa.html]
[www.johnweldoncpa.com/content_library39f0.html]
[www.johnweldoncpa.com/content_library196b.html]
[www.johnweldoncpa.com/content_libraryff13.html]
[www.johnweldoncpa.com/content_libraryb540.html]
[www.johnweldoncpa.com/content_library0d9c.html]
[www.johnweldoncpa.com/content_libraryb7c8.html]
[www.johnweldoncpa.com/content_library4db1.html]
[www.johnweldoncpa.com/content_libraryc326.html]
[www.johnweldoncpa.com/content_library6b4f.html]
[www.johnweldoncpa.com/content_library1fee.html]
[www.johnweldoncpa.com/content_libraryd173.html]
[www.johnweldoncpa.com/content_library48df.html]
[www.johnweldoncpa.com/content_library70f7.html]
[www.johnweldoncpa.com/content_library08cf.html]
[www.johnweldoncpa.com/content_libraryf7b3.html]
[www.johnweldoncpa.com/content_librarycc8c.html]
[www.johnweldoncpa.com/content_library8ec7.html]
[www.johnweldoncpa.com/content_librarybefe.html]
[www.johnweldoncpa.com/content_library2efd.html]
[www.johnweldoncpa.com/content_library990a.html]
[www.johnweldoncpa.com/content_library2588.html]
[www.johnweldoncpa.com/content_libraryca00.html]
[www.johnweldoncpa.com/content_library7ee6.html]
[www.johnweldoncpa.com/content_libraryc9fc.html]
[www.johnweldoncpa.com/content_library8fa3.html]
[www.johnweldoncpa.com/content_library43cf.html]
[www.johnweldoncpa.com/content_library1103-2.html]
[www.johnweldoncpa.com/content_libraryd306.html]
[www.johnweldoncpa.com/content_library05fb.html]
[www.johnweldoncpa.com/content_library4417.html]
[www.johnweldoncpa.com/content_librarya32f.html]
[www.johnweldoncpa.com/content_library6c0f.html]
[www.johnweldoncpa.com/content_library31b6.html]
[www.johnweldoncpa.com/content_library53d0.html]
[www.johnweldoncpa.com/content_librarya1ce.html]
[www.johnweldoncpa.com/content_librarye138.html]
[www.johnweldoncpa.com/content_librarye7d4.html]
[www.johnweldoncpa.com/content_library0981.html]
[www.johnweldoncpa.com/content_librarycf87.html]
[www.johnweldoncpa.com/content_libraryc963.html]
[www.johnweldoncpa.com/content_library164e.html]
[www.johnweldoncpa.com/content_library1c43.html]
[www.johnweldoncpa.com/content_library6779.html]
[www.johnweldoncpa.com/content_library21e9.html]
[www.johnweldoncpa.com/content_libraryc9c4.html]
[www.johnweldoncpa.com/content_librarya341.html]
[www.johnweldoncpa.com/content_library151d.html]
[www.johnweldoncpa.com/content_librarybdf9.html]
[www.johnweldoncpa.com/content_library0732.html]
[www.johnweldoncpa.com/content_library039c.html]
[www.johnweldoncpa.com/content_library77f0.html]
[www.johnweldoncpa.com/content_libraryeb10.html]
[www.johnweldoncpa.com/content_library539a.html]
[www.johnweldoncpa.com/content_library691e.html]
[www.johnweldoncpa.com/content_library30b4.html]
[www.johnweldoncpa.com/content_library5074.html]
[www.johnweldoncpa.com/content_library2998.html]
[www.johnweldoncpa.com/content_library7a94.html]
[www.johnweldoncpa.com/content_library1cb7.html]
[www.johnweldoncpa.com/content_libraryb101.html]
[www.johnweldoncpa.com/content_librarye4ca.html]
[www.johnweldoncpa.com/content_library0ce2.html]
[www.johnweldoncpa.com/content_library3224.html]
[www.johnweldoncpa.com/content_library92fa.html]
[www.johnweldoncpa.com/content_libraryb074.html]
[www.johnweldoncpa.com/content_library4456.html]
[www.johnweldoncpa.com/content_library8897.html]
[www.johnweldoncpa.com/content_library9eb5.html]
[www.johnweldoncpa.com/content_library61f4.html]
[www.johnweldoncpa.com/content_library7a2d.html]
[www.johnweldoncpa.com/content_library1cc8.html]
[www.johnweldoncpa.com/content_library1671.html]
[www.johnweldoncpa.com/content_libraryd2f4.html]
[www.johnweldoncpa.com/content_library5f09.html]
[www.johnweldoncpa.com/content_library8d28.html]
[www.johnweldoncpa.com/content_library7aa4.html]
[www.johnweldoncpa.com/content_libraryd209.html]
[www.johnweldoncpa.com/content_librarya624.html]
[www.johnweldoncpa.com/content_library0ca0.html]
[www.johnweldoncpa.com/content_libraryfbab.html]
[www.johnweldoncpa.com/content_library6d8f.html]
[www.johnweldoncpa.com/content_libraryf804.html]
[www.johnweldoncpa.com/content_library4b2f.html]
[www.johnweldoncpa.com/content_library2449.html]
[www.johnweldoncpa.com/content_libraryd794.html]
[www.johnweldoncpa.com/content_library6c63.html]
[www.johnweldoncpa.com/content_library0923.html]
[www.johnweldoncpa.com/content_library0ad9.html]
[www.johnweldoncpa.com/content_libraryd3db.html]
[www.johnweldoncpa.com/content_librarydc8a.html]
[www.johnweldoncpa.com/content_libraryeed4.html]
[www.johnweldoncpa.com/content_libraryb19f.html]
[www.johnweldoncpa.com/content_librarye59a.html]
[www.johnweldoncpa.com/content_library288f.html]
[www.johnweldoncpa.com/content_library67c4.html]
[www.johnweldoncpa.com/content_library228f.html]
[www.johnweldoncpa.com/content_libraryb5ab.html]
[www.johnweldoncpa.com/content_library9bcf.html]
[www.johnweldoncpa.com/content_librarycb69.html]
[www.johnweldoncpa.com/content_library6671.html]
[www.johnweldoncpa.com/content_library87ab.html]
[www.johnweldoncpa.com/content_libraryc791.html]
[www.johnweldoncpa.com/content_library0710.html]
[www.johnweldoncpa.com/content_libraryaedb.html]
[www.johnweldoncpa.com/content_library3474.html]
[www.johnweldoncpa.com/content_libraryec8b.html]
[www.johnweldoncpa.com/content_library5e65.html]
[www.johnweldoncpa.com/content_library6c93.html]
[www.johnweldoncpa.com/content_library293c.html]
[www.johnweldoncpa.com/content_library686a.html]
[www.johnweldoncpa.com/content_library3173.html]
[www.johnweldoncpa.com/content_libraryc38c.html]
[www.johnweldoncpa.com/content_librarybeba.html]
[maxcdn.bootstrapcdn.com/font-awesome/4.7.0/css/font-awesome.min.css]
[www.johnweldoncpa.com/images/bullet_track_tax_refund.jpg]
[www.johnweldoncpa.com/state_refund.html]
[www.johnweldoncpa.com/images/bullet_download_tax_forms.jpg]
[www.johnweldoncpa.com/state_forms.html]
[www.johnweldoncpa.com/images/bullet_record_retention.jpg]
[www.johnweldoncpa.com/retentionguide.html]
[www.byfimages.com/resource_files/gettyimages-1864356267.jpg]
[www.johnweldoncpa.com/content_library5f65.html]
[www.byfimages.com/resource_files/gettyimages-1511464706.jpg]
[www.johnweldoncpa.com/content_library318e.html]
[www.byfimages.com/resource_files/gettyimages-1280209842.jpg]
[www.johnweldoncpa.com/content_libraryd4a7.html]
[www.byfimages.com/resource_files/manage-your-business-reputation.jpg]
[www.johnweldoncpa.com/content_library55f2.html]
[www.byfimages.com/resource_files/gettyimages-1474838897.jpg]
[www.johnweldoncpa.com/content_library85af.html]
[www.byfimages.com/resource_files/howtohandleinflation.jpg]
[www.johnweldoncpa.com/content_library7357.html]
[www.byfimages.com/resource_files/gettyimages-1188856983_1200x600.jpg]
[www.johnweldoncpa.com/content_libraryde18.html]
[www.byfimages.com/resource_files/gettyimages-1383533772-612x612_1200x600.jpg]
[www.johnweldoncpa.com/content_libraryc2f4.html]
[www.byfimages.com/resource_files/gettyimages-1292407750-612x612_1200x600.jpg]
[www.johnweldoncpa.com/content_libraryfb1a.html]
[www.byfimages.com/resource_files/4.0bestbusiness2_1200x600.jpg]
[www.johnweldoncpa.com/content_library628c.html]
[www.byfimages.com/resource_files/4.0bestbusiness_1200x600.jpg]
[www.johnweldoncpa.com/content_library3af2.html]
[www.byfimages.com/resource_files/businessbestpractice_1200x600.jpg]
[www.johnweldoncpa.com/content_libraryad8b.html]
[www.byfimages.com/resource_files/businesstips1_1200x600.jpg]
[www.johnweldoncpa.com/content_library21c2.html]
[www.byfimages.com/resource_files/gettyimages-915488206.jpg]
[www.johnweldoncpa.com/content_library1207.html]
[www.johnweldoncpa.com/content_library9349.html]
[www.byfimages.com/resource_files/the_pluses_and_minuses_of_business_borrowing.jpg]
[www.johnweldoncpa.com/content_library0ea2.html]
[www.byfimages.com/resource_files/facing_off_against_a_big_competitor.jpg]
[www.johnweldoncpa.com/content_library445f.html]
[www.byfimages.com/resource_files/gettyimages-1295767209_1200x600.jpg]
[www.johnweldoncpa.com/content_library0d25.html]
[www.byfimages.com/resource_files/gettyimages-1338107361_1200x600.jpg]
[www.johnweldoncpa.com/content_library6dea.html]
[www.byfimages.com/resource_files/cyber_crime.jpg]
[www.johnweldoncpa.com/content_library0220.html]
[www.byfimages.com/resource_files/gettyimages-1355427210_1200x600_2.jpg]
[www.johnweldoncpa.com/content_library702b.html]
[www.byfimages.com/resource_files/gettyimages-1349390515_1200x600.jpg]
[www.johnweldoncpa.com/content_libraryaae3.html]
[www.byfimages.com/resource_files/gettyimages-1359876068_1200x600.jpg]
[www.johnweldoncpa.com/content_libraryf95d.html]
[www.byfimages.com/resource_files/1200x600-office.jpg]
[www.johnweldoncpa.com/content_libraryd9e1.html]
[www.byfimages.com/resource_files/1200x600-cartoon.jpg]
[www.johnweldoncpa.com/content_libraryd955.html]
[www.byfimages.com/resource_files/business-owners-shield.jpg]
[www.johnweldoncpa.com/content_library0921.html]
[www.byfimages.com/resource_files/artifical-intelligence.jpg]
[www.johnweldoncpa.com/content_library94b3.html]
[www.byfimages.com/resource_files/family-biz.jpg]
[www.johnweldoncpa.com/content_library4519.html]
[www.byfimages.com/resource_files/financial-analysis-pic.jpg]
[www.johnweldoncpa.com/content_libraryd940.html]
[www.byfimages.com/resource_files/accounting-challenges.jpg]
[www.johnweldoncpa.com/content_library312d.html]
[www.byfimages.com/resource_files/business-mistake.jpg]
[www.johnweldoncpa.com/content_libraryf2c3.html]
[www.byfimages.com/resource_files/hiring-shortage_2.jpg]
[www.johnweldoncpa.com/content_library7610.html]
[www.byfimages.com/resource_files/manage-downloaded-transactions_2.jpg]
[www.johnweldoncpa.com/content_library9053.html]
[www.byfimages.com/resource_files/cashflow.jpg]
[www.johnweldoncpa.com/content_library914f.html]
[www.byfimages.com/resource_files/consultation.jpg]
[www.johnweldoncpa.com/content_library084b.html]
[www.byfimages.com/resource_files/8tips.jpg]
[www.johnweldoncpa.com/content_librarycd08.html]
[www.byfimages.com/resource_files/payroll-error.jpg]
[www.johnweldoncpa.com/content_libraryeb2d.html]
[www.byfimages.com/resource_files/bookkeeper.jpg]
[www.johnweldoncpa.com/content_library61bc.html]
[www.byfimages.com/resource_files/accountant-meeting.jpg]
[www.johnweldoncpa.com/content_library8200.html]
[www.byfimages.com/resource_files/outsource-your-accounting.jpg]
[www.johnweldoncpa.com/content_library4df8.html]
[www.byfimages.com/resource_files/testimage.jpg]
[www.johnweldoncpa.com/content_library623b.html]
[www.byfimages.com/resource_files/thinking.jpg]
[www.johnweldoncpa.com/content_librarya26b.html]
[www.byfimages.com/resource_files/wfh.jpg]
[www.johnweldoncpa.com/content_library2a66.html]
[www.byfimages.com/resource_files/incorp-article.jpg]
[www.johnweldoncpa.com/content_library0851.html]
[www.byfimages.com/resource_files/tax-credit.jpg]
[www.johnweldoncpa.com/content_library7d14.html]
[www.byfimages.com/resource_files/proactive.jpg]
[www.johnweldoncpa.com/content_libraryf14e.html]
[www.byfimages.com/resource_files/socialmedia.jpg]
[www.johnweldoncpa.com/content_libraryfb50.html]
[www.byfimages.com/resource_files/equipment.jpg]
[www.johnweldoncpa.com/content_libraryf5bf.html]
[www.byfimages.com/resource_files/corporation-rules.jpg]
[www.johnweldoncpa.com/content_library089e.html]
[www.byfimages.com/resource_files/paperwork.jpg]
[www.johnweldoncpa.com/content_library6b85.html]
[www.byfimages.com/resource_files/business-plan_2.jpg]
[www.johnweldoncpa.com/content_libraryea10.html]
[www.byfimages.com/resource_files/reviewing-business-records.jpg]
[www.johnweldoncpa.com/content_libraryfb55.html]
[www.byfimages.com/resource_files/pros-cons-paperless.jpg]
[www.johnweldoncpa.com/content_librarydceb.html]
[www.byfimages.com/resource_files/protect-data-hackers.jpg]
[www.johnweldoncpa.com/content_libraryf8a9.html]
[www.byfimages.com/resource_files/performance-reviews.jpg]
[www.johnweldoncpa.com/content_library755e.html]
[www.byfimages.com/resource_files/financial-statements.jpg]
[www.johnweldoncpa.com/content_library3e52.html]
[www.byfimages.com/resource_files/smart-pricing-strategies.jpg]
[www.johnweldoncpa.com/content_library2656.html]
[www.byfimages.com/resource_files/selling-business.jpg]
[www.johnweldoncpa.com/content_library5819.html]
[www.byfimages.com/resource_files/10-things-llc.jpg]
[www.johnweldoncpa.com/content_library9bcd.html]
[www.byfimages.com/resource_files/raise-prices.jpg]
[www.johnweldoncpa.com/content_library1ce7.html]
[www.byfimages.com/resource_files/biz-costs.jpg]
[www.johnweldoncpa.com/content_library6e99.html]
[www.byfimages.com/resource_files/employees.jpg]
[www.johnweldoncpa.com/content_library021b.html]
[www.byfimages.com/resource_files/past-due.jpg]
[www.johnweldoncpa.com/content_library117e.html]
[www.byfimages.com/resource_files/growing-biz.jpg]
[www.johnweldoncpa.com/content_library542b.html]
[www.byfimages.com/resource_files/basics.jpg]
[www.johnweldoncpa.com/content_library06df.html]
[www.byfimages.com/resource_files/hire-employee.jpg]
[www.johnweldoncpa.com/content_library27d5.html]
[www.byfimages.com/resource_files/cash-flow.jpg]
[www.johnweldoncpa.com/content_library8150.html]
[www.byfimages.com/resource_files/need-loan.jpg]
[www.johnweldoncpa.com/content_library04b5.html]
[www.byfimages.com/resource_files/business-plan.jpg]
[www.johnweldoncpa.com/content_library8b8d.html]
[www.byfimages.com/resource_files/seasonal-business.jpg]
[www.johnweldoncpa.com/content_library77e9.html]
[www.byfimages.com/resource_files/employee-vacation.jpg]
[www.johnweldoncpa.com/content_libraryefe6.html]
[www.byfimages.com/resource_files/keep-email-safe.jpg]
[www.johnweldoncpa.com/content_library235a.html]
[www.byfimages.com/resource_files/startup-capital.jpg]
[www.johnweldoncpa.com/content_libraryba56.html]
[www.byfimages.com/resource_files/understanding-ratios.jpg]
[www.johnweldoncpa.com/content_library88dd.html]
[www.byfimages.com/resource_files/keep-healthy-business.jpg]
[www.johnweldoncpa.com/content_library5a02.html]
[www.byfimages.com/resource_files/employee-benefits.jpg]
[www.johnweldoncpa.com/content_library6b76.html]
[www.byfimages.com/resource_files/succession-plan.jpg]
[www.johnweldoncpa.com/content_library7646.html]
[www.byfimages.com/resource_files/3-ways-to-make-the-most-fundraising_3.png]
[www.johnweldoncpa.com/content_libraryc84f.html]
[www.byfimages.com/resource_files/employee-handbook.jpg]
[www.johnweldoncpa.com/content_library8f85.html]
[www.byfimages.com/resource_files/financial-mid-year-review_2.jpg]
[www.johnweldoncpa.com/content_libraryed09.html]
[www.byfimages.com/resource_files/highfive.jpg]
[www.johnweldoncpa.com/content_library6c48.html]
[www.byfimages.com/resource_files/accountant.jpg]
[www.johnweldoncpa.com/content_library5135.html]
[www.byfimages.com/resource_files/gettyimages-1331965101.jpg]
[www.johnweldoncpa.com/content_libraryeaac.html]
[www.byfimages.com/resource_files/5_often-overlooked_tax_credits_for_your_small_business.jpg]
[www.johnweldoncpa.com/content_library605e.html]
[www.byfimages.com/resource_files/gettyimages-1129810557.jpg]
[www.johnweldoncpa.com/content_libraryd49b.html]
[www.byfimages.com/resource_files/gettyimages-504572064_1200x600.jpg]
[www.johnweldoncpa.com/content_libraryf740.html]
[www.byfimages.com/resource_files/gettyimages-1414846890-612x612_1200x600.jpg]
[www.johnweldoncpa.com/content_libraryb6a5.html]
[www.byfimages.com/resource_files/business_tax_1200x600.jpg]
[www.johnweldoncpa.com/content_library52fe.html]
[www.byfimages.com/resource_files/bsuinesstax_1200x600.jpg]
[www.johnweldoncpa.com/content_libraryf6c6.html]
[www.byfimages.com/resource_files/businesstax1_1200x600.jpg]
[www.johnweldoncpa.com/content_libraryba9b.html]
[www.byfimages.com/resource_files/take_advantage_of_7_small_business_deductibles.jpg]
[www.johnweldoncpa.com/content_library4c79.html]
[www.byfimages.com/resource_files/gettyimages-1368317802.jpg]
[www.johnweldoncpa.com/content_libraryd54b.html]
[www.byfimages.com/resource_files/employee_stock_options_--_tax_considerations.jpg]
[www.johnweldoncpa.com/content_library00d9.html]
[www.byfimages.com/resource_files/gettyimages-1407791111_1200x600.jpg]
[www.johnweldoncpa.com/content_library6121.html]
[www.byfimages.com/resource_files/gettyimages-1346611118_1200x600.jpg]
[www.johnweldoncpa.com/content_library60d4.html]
[www.byfimages.com/resource_files/gettyimages-1362852016_1200x600.jpg]
[www.johnweldoncpa.com/content_library2bb5.html]
[www.byfimages.com/resource_files/gettyimages-527547466_1_1200x600.jpg]
[www.johnweldoncpa.com/content_librarybb71.html]
[www.byfimages.com/resource_files/gettyimages-1055975760_1200x600.jpg]
[www.johnweldoncpa.com/content_libraryd325.html]
[www.byfimages.com/resource_files/reduce-smallbiz-taxes.jpg]
[www.johnweldoncpa.com/content_librarya2d7.html]
[www.byfimages.com/resource_files/whopays.jpg]
[www.johnweldoncpa.com/content_libraryb564.html]
[www.byfimages.com/resource_files/s-corporation-shareholder_2.jpg]
[www.johnweldoncpa.com/content_library4203.html]
[www.byfimages.com/resource_files/tracking-qb_2.jpg]
[www.johnweldoncpa.com/images/image_library/articles/Tax-Sept2021-img1.jpg]
[www.johnweldoncpa.com/images/image_library/articles/Tax-Sept2021-img2.jpg]
[www.johnweldoncpa.com/content_libraryd89b.html]
[www.byfimages.com/resource_files/hiring-contractor-taxes.jpg]
[www.johnweldoncpa.com/images/image_library/articles/Tax-Aug2021-img1.jpg]
[www.johnweldoncpa.com/images/image_library/articles/Tax-Aug2021-img2.jpg]
[www.johnweldoncpa.com/content_libraryecdc.html]
[www.byfimages.com/resource_files/tax-deductions_3.jpg]
[www.johnweldoncpa.com/content_library132b.html]
[www.byfimages.com/resource_files/1031.jpg]
[www.johnweldoncpa.com/content_library3c85.html]
[www.byfimages.com/resource_files/employee-or-contractor.jpg]
[www.johnweldoncpa.com/images/image_library/articles/taxplan-June2021-img1.jpg]
[www.johnweldoncpa.com/images/image_library/articles/taxplan-June2021-img2.jpg]
[www.johnweldoncpa.com/content_library3af0.html]
[www.byfimages.com/resource_files/family-loan.jpg]
[www.johnweldoncpa.com/content_library5fba.html]
[www.byfimages.com/resource_files/payroll-taxes.jpg]
[www.johnweldoncpa.com/content_libraryd987.html]
[www.johnweldoncpa.com/content_library0d8e.html]
[www.johnweldoncpa.com/content_library7a43.html]
[www.byfimages.com/resource_files/taxproblems.jpg]
[www.johnweldoncpa.com/content_librarydcdd.html]
[www.byfimages.com/resource_files/crowdfunding.jpg]
[www.johnweldoncpa.com/content_library053e.html]
[www.byfimages.com/resource_files/gettyimages-1172101452.jpg]
[www.johnweldoncpa.com/content_library5239.html]
[www.byfimages.com/resource_files/gettyimages-1166413714_1200x600.jpg]
[www.johnweldoncpa.com/content_library79ae.html]
[www.byfimages.com/resource_files/gettyimages-898378948.jpg]
[www.johnweldoncpa.com/content_libraryc7e3.html]
[www.byfimages.com/resource_files/gettyimages-1502370028_1200x600.jpg]
[www.johnweldoncpa.com/content_library30b1.html]
[www.byfimages.com/resource_files/gettyimages-1182823932_1_1200x600.jpg]
[www.johnweldoncpa.com/content_library7fc8.html]
[www.byfimages.com/resource_files/4.0indtax_1200x600.jpg]
[www.johnweldoncpa.com/content_library6a99.html]
[www.byfimages.com/resource_files/individual_tax_1200x600.jpg]
[www.johnweldoncpa.com/content_libraryc069.html]
[www.byfimages.com/resource_files/indivualtax1_1200x600.jpg]
[www.johnweldoncpa.com/content_library32f1.html]
[www.byfimages.com/resource_files/early-withdrawl-penalty.jpg]
[www.johnweldoncpa.com/content_library2ae6.html]
[www.byfimages.com/resource_files/gettyimages-1445441151_1200x600.jpg]
[www.johnweldoncpa.com/content_libraryd4d6.html]
[www.byfimages.com/resource_files/gettyimages-1032712376_1200x600.jpg]
[www.johnweldoncpa.com/content_library471d.html]
[www.byfimages.com/resource_files/gettyimages-1327467342_1200x600.jpg]
[www.johnweldoncpa.com/content_library2ee8.html]
[www.byfimages.com/resource_files/gettyimages-622064048_1_1200x600.jpg]
[www.johnweldoncpa.com/content_library4c0d.html]
[www.byfimages.com/resource_files/financial-pulse.jpg]
[www.johnweldoncpa.com/content_libraryf7ae.html]
[www.byfimages.com/resource_files/cant-pay-taxes.jpg]
[www.johnweldoncpa.com/images/image_library/articles/Tax-Plan-May2022-image-1.jpg]
[www.johnweldoncpa.com/images/image_library/articles/Tax-Plan-May2022-image-2.jpg]
[www.johnweldoncpa.com/content_librarybb03.html]
[www.byfimages.com/resource_files/health-savings.jpg]
[www.johnweldoncpa.com/content_libraryf591.html]
[www.byfimages.com/resource_files/extension-illustration.jpg]
[www.johnweldoncpa.com/images/image_library/articles/Tax-Plan-April2022-image-1.jpg]
[www.johnweldoncpa.com/images/image_library/articles/Tax-Plan-April2022-image-2.jpg]
[www.johnweldoncpa.com/content_libraryfce7.html]
[www.byfimages.com/resource_files/qb-tax-writeoffs.jpg]
[www.johnweldoncpa.com/images/image_library/articles/Tax-Mar2022-img1.jpg]
[www.johnweldoncpa.com/images/image_library/articles/Tax-Mar2022-img2.jpg]
[www.johnweldoncpa.com/content_library4586.html]
[www.byfimages.com/resource_files/charity-tax.jpg]
[www.johnweldoncpa.com/content_library561e.html]
[www.byfimages.com/resource_files/income-taxes.jpg]
[www.johnweldoncpa.com/content_library1736.html]
[www.byfimages.com/resource_files/estate-tax-return.jpg]
[www.johnweldoncpa.com/content_library5265.html]
[www.byfimages.com/resource_files/tax-credits.jpg]
[www.johnweldoncpa.com/content_libraryf7ec.html]
[www.byfimages.com/resource_files/individual_tax.png]
[www.johnweldoncpa.com/content_library7d17.html]
[www.byfimages.com/resource_files/divorce.jpg]
[www.johnweldoncpa.com/content_libraryfefe.html]
[www.byfimages.com/resource_files/rothira_2.jpg]
[www.johnweldoncpa.com/content_libraryfc14.html]
[www.byfimages.com/resource_files/irs-backtaxes.jpg]
[www.johnweldoncpa.com/images/image_library/articles/Tax-Oct2021-img1.jpg]
[www.johnweldoncpa.com/images/image_library/articles/Tax-Oct2021-img2.jpg]
[www.johnweldoncpa.com/content_library35d4.html]
[www.byfimages.com/resource_files/1040.jpg]
[www.johnweldoncpa.com/content_libraryb049.html]
[www.byfimages.com/resource_files/estate-plan.jpg]
[www.johnweldoncpa.com/content_librarye673.html]
[www.byfimages.com/resource_files/property-inheritance.jpg]
[www.johnweldoncpa.com/content_libraryf48b.html]
[www.byfimages.com/resource_files/tax-records.jpg]
[www.johnweldoncpa.com/content_library2d2f.html]
[www.byfimages.com/resource_files/charitable-donations.jpg]
[www.johnweldoncpa.com/content_library4ebd.html]
[www.byfimages.com/resource_files/investing-tips.jpg]
[www.johnweldoncpa.com/content_library29ed.html]
[www.byfimages.com/resource_files/investing.jpg]
[www.johnweldoncpa.com/content_libraryd584.html]
[www.johnweldoncpa.com/content_libraryb401.html]
[www.byfimages.com/resource_files/inherit.jpg]
[www.johnweldoncpa.com/content_library56ed.html]
[www.johnweldoncpa.com/content_library9473.html]
[www.byfimages.com/resource_files/compensation.jpg]
[www.johnweldoncpa.com/content_library8373.html]
[www.byfimages.com/resource_files/sellhouse.jpg]
[www.johnweldoncpa.com/content_library912e.html]
[www.byfimages.com/resource_files/scam-alert.jpg]
[www.johnweldoncpa.com/content_library560c.html]
[www.byfimages.com/resource_files/retirement-taxes.jpg]
[www.johnweldoncpa.com/content_library4f7a.html]
[www.byfimages.com/resource_files/tax-deductions.jpg]
[www.johnweldoncpa.com/content_libraryf007.html]
[www.byfimages.com/resource_files/cost-basis.jpg]
[www.johnweldoncpa.com/content_libraryd43e.html]
[www.byfimages.com/resource_files/divorce-taxes.jpg]
[www.johnweldoncpa.com/content_library8ba9.html]
[www.byfimages.com/resource_files/social-security.jpg]
[www.johnweldoncpa.com/content_library2f5d.html]
[www.byfimages.com/resource_files/diversification.jpg]
[www.johnweldoncpa.com/content_library46bf.html]
[www.byfimages.com/resource_files/newjob.jpg]
[www.johnweldoncpa.com/content_librarya0fa.html]
[www.byfimages.com/resource_files/home-office.jpg]
[www.johnweldoncpa.com/content_library7b3a.html]
[www.johnweldoncpa.com/content_library2888.html]
[www.byfimages.com/resource_files/gettyimages-1449332491_1200x600.jpg]
[www.johnweldoncpa.com/content_library689f.html]
[www.byfimages.com/resource_files/gettyimages-961308742.jpg]
[www.johnweldoncpa.com/content_libraryba00.html]
[www.byfimages.com/resource_files/gettyimages-1402850000_1200x600.jpg]
[www.johnweldoncpa.com/content_library6c84.html]
[www.byfimages.com/resource_files/gettyimages-1401461124-612x612_1200x600.jpg]
[www.johnweldoncpa.com/content_library3a85.html]
[www.byfimages.com/resource_files/4.0investment_1200x600.jpg]
[www.johnweldoncpa.com/content_libraryef80.html]
[www.byfimages.com/resource_files/investment_1200x600.jpg]
[www.johnweldoncpa.com/content_library1c44.html]
[www.byfimages.com/resource_files/investing1_1200x600.jpg]
[www.johnweldoncpa.com/content_library15af.html]
[www.byfimages.com/resource_files/gettyimages-1159047794.jpg]
[www.johnweldoncpa.com/content_library420a.html]
[www.byfimages.com/resource_files/what_to_know_about_target-date_funds.jpg]
[www.johnweldoncpa.com/content_libraryb106.html]
[www.byfimages.com/resource_files/gettyimages-1332829323_1200x600.jpg]
[www.johnweldoncpa.com/content_library8732.html]
[www.johnweldoncpa.com/content_library5807.html]
[www.byfimages.com/resource_files/gettyimages-1307241360_1200x600.jpg]
[www.johnweldoncpa.com/content_libraryd572.html]
[www.byfimages.com/resource_files/gettyimages-1287604743_1200x600.jpg]
[www.johnweldoncpa.com/content_library417a.html]
[www.byfimages.com/resource_files/gettyimages-1205508943_1200x600.jpg]
[www.johnweldoncpa.com/content_library7be6.html]
[www.byfimages.com/resource_files/gettyimages-928088256_1200x600.jpg]
[www.johnweldoncpa.com/content_library4696.html]
[www.byfimages.com/resource_files/gettyimages-915463100_1200x600.jpg]
[www.johnweldoncpa.com/content_libraryc655.html]
[www.byfimages.com/resource_files/re-article.jpg]
[www.johnweldoncpa.com/content_library047e.html]
[www.byfimages.com/resource_files/money-question.jpg]
[www.johnweldoncpa.com/content_libraryb989.html]
[www.byfimages.com/resource_files/money-market.jpg]
[www.johnweldoncpa.com/content_library1103.html]
[www.byfimages.com/resource_files/retirement-plans.jpg]
[www.johnweldoncpa.com/content_libraryb3dc.html]
[www.byfimages.com/resource_files/longterm-investing.jpg]
[www.johnweldoncpa.com/content_librarybef3.html]
[www.byfimages.com/resource_files/mutual-fund-investments.jpg]
[www.johnweldoncpa.com/content_library4e47.html]
[www.johnweldoncpa.com/content_library3537.html]
[www.byfimages.com/resource_files/investments.jpg]
[www.johnweldoncpa.com/content_libraryece1.html]
[www.byfimages.com/resource_files/stock-investments.jpg]
[www.johnweldoncpa.com/content_libraryd892.html]
[www.byfimages.com/resource_files/investment-planning.jpg]
[www.johnweldoncpa.com/content_librarycb7a.html]
[www.byfimages.com/resource_files/gettyimages-899471458.jpg]
[www.johnweldoncpa.com/content_library185c.html]
[www.byfimages.com/resource_files/gettyimages-1076671916_1200x600.jpg]
[www.johnweldoncpa.com/content_libraryf807.html]
[www.byfimages.com/resource_files/gettyimages-1335296835_1200x600.jpg]
[www.johnweldoncpa.com/content_librarycb8f.html]
[www.byfimages.com/resource_files/gettyimages-1339449487_1200x600.jpg]
[www.johnweldoncpa.com/content_library8b7b.html]
[www.johnweldoncpa.com/content_library09e4.html]
[www.byfimages.com/resource_files/installment-sale_2.jpg]
[www.johnweldoncpa.com/content_library7548.html]
[www.byfimages.com/resource_files/real-estate-taxes.jpg]
[www.johnweldoncpa.com/content_library14a5.html]
[www.johnweldoncpa.com/content_librarybd00.html]
[www.johnweldoncpa.com/content_libraryc800.html]
[www.byfimages.com/resource_files/installment-sale.jpg]
[www.johnweldoncpa.com/content_libraryf6d8.html]
[www.byfimages.com/resource_files/residential-re.jpg]
[www.johnweldoncpa.com/content_librarye392.html]
[www.byfimages.com/resource_files/gettyimages-1329759358_1200x600.jpg]
[www.johnweldoncpa.com/content_libraryb7e3.html]
[www.byfimages.com/resource_files/gettyimages-1168019993_1200x600.jpg]
[www.johnweldoncpa.com/content_library6eb6.html]
[www.byfimages.com/resource_files/gettyimages-909472600.jpg]
[www.johnweldoncpa.com/images/image_library/articles/TAX-PLAN-0324-image-1.jpg]
[www.johnweldoncpa.com/images/image_library/articles/TAX-PLAN-0324-image-2.jpg]
[www.johnweldoncpa.com/content_library4e4a.html]
[www.byfimages.com/resource_files/gettyimages-1464209118_1200x600.jpg]
[www.johnweldoncpa.com/images/image_library/articles/DESKTOP-0324-image-1.jpg]
[www.johnweldoncpa.com/images/image_library/articles/DESKTOP-0324-image-2.jpg]
[www.johnweldoncpa.com/images/image_library/articles/DESKTOP-0324-image-3.jpg]
[www.johnweldoncpa.com/content_library6dc3.html]
[www.byfimages.com/resource_files/gettyimages-1444291518_1200x600.jpg]
[www.johnweldoncpa.com/images/image_library/articles/ONLINE-0324-image-1.jpg]
[www.johnweldoncpa.com/images/image_library/articles/ONLINE-0324-image-2.jpg]
[www.johnweldoncpa.com/content_library02f4.html]
[www.byfimages.com/resource_files/gettyimages-1434212178_1200x600.jpg]
[www.johnweldoncpa.com/images/image_library/articles/The-Life-of-an-Estimate-in-QuickBooks-Online-image-1.jpg]
[www.johnweldoncpa.com/images/image_library/articles/The-Life-of-an-Estimate-in-QuickBooks-Online-image-2.jpg]
[www.johnweldoncpa.com/images/image_library/articles/The-Life-of-an-Estimate-in-QuickBooks-Online-image-3.jpg]
[www.johnweldoncpa.com/content_librarycd63.html]
[www.byfimages.com/resource_files/gettyimages-1478505613_1_1200x600.jpg]
[www.johnweldoncpa.com/images/image_library/articles/Taking-On-an-Independent-Contractor-image-1.jpg]
[www.johnweldoncpa.com/images/image_library/articles/Taking-On-an-Independent-Contractor-image-2.jpg]
[www.johnweldoncpa.com/content_librarydafa.html]
[www.johnweldoncpa.com/images/image_library/articles/Tax-Plan-1123-image-1.jpg]
[www.johnweldoncpa.com/content_library39f0.html]
[www.byfimages.com/resource_files/gettyimages-1495385686_1200x600.jpg]
[www.johnweldoncpa.com/images/image_library/articles/ONLINE-1123-image-1.jpg]
[www.johnweldoncpa.com/images/image_library/articles/ONLINE-1123-image-2.jpg]
[www.johnweldoncpa.com/content_library196b.html]
[www.byfimages.com/resource_files/gettyimages-1305615921-612x612_1200x600.jpg]
[www.johnweldoncpa.com/images/image_library/articles/ONLINE-0923-image-1.jpg]
[www.johnweldoncpa.com/images/image_library/articles/ONLINE-0923-image-2.jpg]
[www.johnweldoncpa.com/images/image_library/articles/ONLINE-0923-image-3.jpg]
[www.johnweldoncpa.com/content_libraryff13.html]
[www.byfimages.com/resource_files/gettyimages-1442047146-612x612_1200x600.jpg]
[www.johnweldoncpa.com/images/image_library/articles/TAX-PLAN-0923-image-1.jpg]
[www.johnweldoncpa.com/images/image_library/articles/TAX-PLAN-0923-image-2.jpg]
[www.johnweldoncpa.com/content_libraryb540.html]
[www.byfimages.com/resource_files/quickbooks_1_1200x600.jpg]
[www.johnweldoncpa.com/images/image_library/articles/ONLINE-0823-image-1.jpg]
[www.johnweldoncpa.com/images/image_library/articles/ONLINE-0823-image-2.jpg]
[www.johnweldoncpa.com/content_library0d9c.html]
[www.byfimages.com/resource_files/quickbook2_1200x600.jpg]
[www.johnweldoncpa.com/images/image_library/articles/Tax-Plan-0823-image-1.jpg]
[www.johnweldoncpa.com/images/image_library/articles/Tax-Plan-0823-image-2.jpg]
[www.johnweldoncpa.com/content_libraryb7c8.html]
[www.byfimages.com/resource_files/quickbooks2_1200x600.jpg]
[www.johnweldoncpa.com/images/image_library/articles/ONLINE-0723-image-1.jpg]
[www.johnweldoncpa.com/images/image_library/articles/ONLINE-0723-image-2.jpg]
[www.johnweldoncpa.com/content_library4db1.html]
[www.byfimages.com/resource_files/quickbooks1_1200x600.jpg]
[www.johnweldoncpa.com/images/image_library/articles/Tax-Plan-0723-image-1.jpg]
[www.johnweldoncpa.com/images/image_library/articles/Tax-Plan-0723-image-2.jpg]
[www.johnweldoncpa.com/content_libraryc326.html]
[www.johnweldoncpa.com/images/image_library/articles/ONLINE-0623-image-1.jpg]
[www.johnweldoncpa.com/images/image_library/articles/ONLINE-0623-image-2.jpg]
[www.johnweldoncpa.com/images/image_library/articles/ONLINE-0623-image-3.jpg]
[www.johnweldoncpa.com/content_library6b4f.html]
[www.johnweldoncpa.com/images/image_library/articles/Tax-Plan-0623-image-1.jpg]
[www.johnweldoncpa.com/images/image_library/articles/Tax-Plan-0623-image-2.jpg]
[www.johnweldoncpa.com/images/image_library/articles/Tax-Plan-0623-image-3.jpg]
[www.johnweldoncpa.com/content_library1fee.html]
[www.byfimages.com/resource_files/2022-taxes.jpg]
[www.johnweldoncpa.com/images/image_library/articles/QB-February-2023-Fig1.jpg]
[www.johnweldoncpa.com/images/image_library/articles/QB-February-2023-Fig2.jpg]
[www.johnweldoncpa.com/content_libraryd173.html]
[www.johnweldoncpa.com/images/image_library/articles/Tax-Plan-0523-image-1.jpg]
[www.johnweldoncpa.com/images/image_library/articles/Tax-Plan-0523-image-2.jpg]
[www.johnweldoncpa.com/content_library48df.html]
[www.byfimages.com/resource_files/are_you_likely_to_be_audited_by_the_irs.jpg]
[www.johnweldoncpa.com/images/image_library/articles/ONLINE-0523-image-1.jpg]
[www.johnweldoncpa.com/images/image_library/articles/ONLINE-0523-image-2.jpg]
[www.johnweldoncpa.com/content_library70f7.html]
[www.johnweldoncpa.com/images/image_library/articles/TaxPlan0423image1.jpg]
[www.johnweldoncpa.com/images/image_library/articles/TaxPlan0423image2.jpg]
[www.johnweldoncpa.com/content_library08cf.html]
[www.byfimages.com/resource_files/qb-invoices.jpg]
[www.johnweldoncpa.com/images/image_library/3-2019-figure-1.jpg]
[www.johnweldoncpa.com/images/image_library/3-2019-figure-2.jpg]
[www.johnweldoncpa.com/images/image_library/3-2019-figure-3.jpg]
[www.johnweldoncpa.com/content_libraryf7b3.html]
[www.byfimages.com/resource_files/sales-receipts.jpg]
[www.johnweldoncpa.com/images/image_library/articles/QBO-March2020-img1.jpg]
[www.johnweldoncpa.com/images/image_library/articles/QBO-March2020-img2.jpg]
[www.johnweldoncpa.com/images/image_library/articles/QBO-March2020-img3.jpg]
[www.johnweldoncpa.com/content_librarycc8c.html]
[www.byfimages.com/resource_files/how_to_receive_payments_in_quickbooks_online.jpg]
[www.johnweldoncpa.com/images/image_library/articles/ONLINE0323image1.jpg]
[www.johnweldoncpa.com/images/image_library/articles/ONLINE0323image2.jpg]
[www.johnweldoncpa.com/images/image_library/articles/ONLINE0323image3.jpg]
[www.johnweldoncpa.com/content_library8ec7.html]
[www.byfimages.com/resource_files/gettyimages-1279983510.jpg]
[www.johnweldoncpa.com/images/image_library/articles/Online_image1_April2023.jpg]
[www.johnweldoncpa.com/images/image_library/articles/Online_image2_April2023.jpg]
[www.johnweldoncpa.com/content_librarybefe.html]
[www.byfimages.com/resource_files/customer-records-qb.jpg]
[www.johnweldoncpa.com/images/image_library/articles/QBD-Jan20221-img1.jpg]
[www.johnweldoncpa.com/images/image_library/articles/QBD-Jan20221-img2.jpg]
[www.johnweldoncpa.com/content_library2efd.html]
[www.byfimages.com/resource_files/gettyimages-1329908544_1200x600.jpg]
[www.johnweldoncpa.com/images/image_library/articles/TAX_PLAN_1022_image_1.jpg]
[www.johnweldoncpa.com/images/image_library/articles/TAX_PLAN_1022_image_2.jpg]
[www.johnweldoncpa.com/content_library990a.html]
[www.byfimages.com/resource_files/what_can_quickbooks_onlines_mobile_app_do.jpg]
[www.johnweldoncpa.com/images/image_library/articles/ONLINE_0123_image_1.jpg]
[www.johnweldoncpa.com/images/image_library/articles/ONLINE_0123_image_2.jpg]
[www.johnweldoncpa.com/content_library2588.html]
[www.byfimages.com/resource_files/are_you_using_the_right_business_structure.jpg]
[www.johnweldoncpa.com/images/image_library/articles/Tax_Plan_0123_image_1.jpg]
[www.johnweldoncpa.com/images/image_library/articles/Tax_Plan_0123_image_2.jpg]
[www.johnweldoncpa.com/content_libraryca00.html]
[www.byfimages.com/resource_files/gettyimages-1347323960_1200x600.jpg]
[www.johnweldoncpa.com/images/image_library/articles/QBnov2022figure1.jpg]
[www.johnweldoncpa.com/images/image_library/articles/QBnov2022figure2.jpg]
[www.johnweldoncpa.com/content_library7ee6.html]
[www.byfimages.com/resource_files/gettyimages-1339953021_1200x600.jpg]
[www.johnweldoncpa.com/images/image_library/articles/ONLINE_1022_image_1.jpg]
[www.johnweldoncpa.com/images/image_library/articles/ONLINE_1022_image_2.jpg]
[www.johnweldoncpa.com/images/image_library/articles/ONLINE_1022_image_3.jpg]
[www.johnweldoncpa.com/content_libraryc9fc.html]
[www.byfimages.com/resource_files/gettyimages-1041244364_1200x600.jpg]
[www.johnweldoncpa.com/images/image_library/articles/Aug_2022_QBO_0922_image_1.jpg]
[www.johnweldoncpa.com/images/image_library/articles/Aug_2022_QBO_0922_image_2.jpg]
[www.johnweldoncpa.com/content_library8fa3.html]
[www.byfimages.com/resource_files/gettyimages-1182777182_1200x600.jpg]
[www.johnweldoncpa.com/images/image_library/articles/Aug_2022_Tax_Plan_0922_image_1.jpg]
[www.johnweldoncpa.com/images/image_library/articles/Aug_2022_Tax_Plan_0922_image_2.jpg]
[www.johnweldoncpa.com/content_library43cf.html]
[www.byfimages.com/resource_files/image1.jpg]
[www.johnweldoncpa.com/images/image_library/articles/July2022_figure1.jpg]
[www.johnweldoncpa.com/images/image_library/articles/July2022_figure2.jpg]
[www.johnweldoncpa.com/content_library1103-2.html]
[www.byfimages.com/resource_files/image2_(1).jpg]
[www.johnweldoncpa.com/images/image_library/articles/QBO-August2022-image-1.jpg]
[www.johnweldoncpa.com/images/image_library/articles/QBO-August2022-image-2.jpg]
[www.johnweldoncpa.com/content_libraryd306.html]
[www.byfimages.com/resource_files/qbo-track-mileage.jpg]
[www.johnweldoncpa.com/images/image_library/articles/QBO-June2022-image-1.jpg]
[www.johnweldoncpa.com/images/image_library/articles/QBO-June2022-image-2.jpg]
[www.johnweldoncpa.com/images/image_library/articles/QBO-June2022-image-3.jpg]
[www.johnweldoncpa.com/content_library05fb.html]
[www.byfimages.com/resource_files/qb-invoice-rules.jpg]
[www.johnweldoncpa.com/images/image_library/articles/QBO-May2022-image-2.jpg]
[www.johnweldoncpa.com/images/image_library/articles/QBO-May2022-image-1.jpg]
[www.johnweldoncpa.com/content_library4417.html]
[www.byfimages.com/resource_files/qb-contractor-tax.jpg]
[www.johnweldoncpa.com/images/image_library/articles/QB-Mar2022-img1.jpg]
[www.johnweldoncpa.com/images/image_library/articles/QB-Mar2022-img2.jpg]
[www.johnweldoncpa.com/content_librarya32f.html]
[www.byfimages.com/resource_files/qbo-articles_2.jpg]
[www.johnweldoncpa.com/images/image_library/articles/QBO-April2022-image-1.jpg]
[www.johnweldoncpa.com/images/image_library/articles/QBO-April2022-image-2.jpg]
[www.johnweldoncpa.com/images/image_library/articles/QBO-April2022-image-3.jpg]
[www.johnweldoncpa.com/content_library6c0f.html]
[www.byfimages.com/resource_files/qb-bunldle-assemblies.jpg]
[www.johnweldoncpa.com/images/image_library/articles/QB-0222-image-1.jpg]
[www.johnweldoncpa.com/images/image_library/articles/QB-0222-image-2.jpg]
[www.johnweldoncpa.com/images/image_library/articles/QB-0222-image-3.jpg]
[www.johnweldoncpa.com/content_library31b6.html]
[www.byfimages.com/resource_files/qb-reminders.jpg]
[www.johnweldoncpa.com/images/image_library/articles/QBO-0222-image-1.jpg]
[www.johnweldoncpa.com/content_library53d0.html]
[www.byfimages.com/resource_files/qb-users.jpg]
[www.johnweldoncpa.com/images/image_library/articles/QBO-Mar2021-img1.jpg]
[www.johnweldoncpa.com/images/image_library/articles/QBO-Mar2021-img2.jpg]
[www.johnweldoncpa.com/content_librarya1ce.html]
[www.byfimages.com/resource_files/tracking-qb.jpg]
[www.johnweldoncpa.com/images/image_library/articles/QB-Sept2021-img1.jpg]
[www.johnweldoncpa.com/content_librarye138.html]
[www.byfimages.com/resource_files/spreadsheet-qb.jpg]
[www.johnweldoncpa.com/images/image_library/articles/QBO-Jan2022-img1.jpg]
[www.johnweldoncpa.com/images/image_library/articles/QBO-Jan2022-img2.jpg]
[www.johnweldoncpa.com/content_librarye7d4.html]
[www.byfimages.com/resource_files/qb-integrated-apps.jpg]
[www.johnweldoncpa.com/images/image_library/articles/QB-Dec2021-img1.png]
[www.johnweldoncpa.com/images/image_library/articles/QB-Dec2021-img2.png]
[www.johnweldoncpa.com/content_library0981.html]
[www.byfimages.com/resource_files/qb-sales-tax.jpg]
[www.johnweldoncpa.com/images/image_library/articles/QBO-Feb2020-img1.jpg]
[www.johnweldoncpa.com/images/image_library/articles/QBO-Feb2020-img2.jpg]
[www.johnweldoncpa.com/content_librarycf87.html]
[www.byfimages.com/resource_files/record-expenses.jpg]
[www.johnweldoncpa.com/images/image_library/articles/QB-Nov2021-img1.jpg]
[www.johnweldoncpa.com/images/image_library/articles/QB-Nov2021-img2.jpg]
[www.johnweldoncpa.com/content_libraryc963.html]
[www.byfimages.com/resource_files/qb-estimates_2.jpg]
[www.johnweldoncpa.com/images/image_library/articles/QBO-July2021-img1.jpg]
[www.johnweldoncpa.com/images/image_library/articles/QBO-July2021-img2.jpg]
[www.johnweldoncpa.com/images/image_library/articles/QBO-July2021-img3.jpg]
[www.johnweldoncpa.com/content_library164e.html]
[www.byfimages.com/resource_files/qb-connect-banks.jpg]
[www.johnweldoncpa.com/images/image_library/articles/QBDesktop-Nov2021-img1.jpg]
[www.johnweldoncpa.com/images/image_library/articles/QBDesktop-Nov2021-img2.jpg]
[www.johnweldoncpa.com/images/image_library/articles/QBDesktop-Nov2021-img3.jpg]
[www.johnweldoncpa.com/content_library1c43.html]
[www.byfimages.com/resource_files/qb-tips.jpg]
[www.johnweldoncpa.com/images/image_library/articles/QB-Oct2021-img1.jpg]
[www.johnweldoncpa.com/images/image_library/articles/QB-Oct2021-img2.jpg]
[www.johnweldoncpa.com/content_library6779.html]
[www.byfimages.com/resource_files/late-payments-qb.jpg]
[www.johnweldoncpa.com/content_library21e9.html]
[www.byfimages.com/resource_files/qb-estimates.jpg]
[www.johnweldoncpa.com/images/image_library/5-2019-figure-1.jpg]
[www.johnweldoncpa.com/images/image_library/5-2019-figure-2.jpg]
[www.johnweldoncpa.com/content_libraryc9c4.html]
[www.byfimages.com/resource_files/qb-mobile-expenses.jpg]
[www.johnweldoncpa.com/images/image_library/2-2019-figure-1.jpg]
[www.johnweldoncpa.com/images/image_library/2-2019-figure-2.jpg]
[www.johnweldoncpa.com/images/image_library/2-2019-figure-3.jpg]
[www.johnweldoncpa.com/content_librarya341.html]
[www.byfimages.com/resource_files/qb-progress-invoicing.jpg]
[www.johnweldoncpa.com/content_library151d.html]
[www.byfimages.com/resource_files/qb-customer-records.jpg]
[www.johnweldoncpa.com/images/image_library/01-2018-figure-1.jpg]
[www.johnweldoncpa.com/images/image_library/01-2018-figure-2.jpg]
[www.johnweldoncpa.com/content_librarybdf9.html]
[www.byfimages.com/resource_files/qb-contractors.jpg]
[www.johnweldoncpa.com/images/image_library/4-2019-figure-1.jpg]
[www.johnweldoncpa.com/images/image_library/4-2019-figure-2.jpg]
[www.johnweldoncpa.com/images/image_library/4-2019-figure-3.jpg]
[www.johnweldoncpa.com/content_library0732.html]
[www.byfimages.com/resource_files/cpu-person-illustration.jpg]
[www.johnweldoncpa.com/images/image_library/articles/QBO-April2020-img1.jpg]
[www.johnweldoncpa.com/images/image_library/articles/QBO-April2020-img2.jpg]
[www.johnweldoncpa.com/content_library039c.html]
[www.byfimages.com/resource_files/qb-reports.jpg]
[www.johnweldoncpa.com/images/image_library/07-2018-figure-1.jpg]
[www.johnweldoncpa.com/images/image_library/07-2018-figure-2.jpg]
[www.johnweldoncpa.com/content_library77f0.html]
[www.byfimages.com/resource_files/computer-person.jpg]
[www.johnweldoncpa.com/images/image_library/05-2018-figure-1.jpg]
[www.johnweldoncpa.com/images/image_library/05-2018-figure-2.jpg]
[www.johnweldoncpa.com/images/image_library/05-2018-figure-3.jpg]
[www.johnweldoncpa.com/content_libraryeb10.html]
[www.byfimages.com/resource_files/computer-desk-illustration.jpg]
[www.johnweldoncpa.com/images/image_library/articles/QBO 1019 image 1.jpg]
[www.johnweldoncpa.com/images/image_library/articles/QBO 1019 image 2.jpg]
[www.johnweldoncpa.com/content_library539a.html]
[www.byfimages.com/resource_files/qb--input-records.jpg]
[www.johnweldoncpa.com/images/image_library/articles/QBO-September2020-img1.jpg]
[www.johnweldoncpa.com/images/image_library/articles/QBO-September2020-img2.jpg]
[www.johnweldoncpa.com/content_library691e.html]
[www.byfimages.com/resource_files/qb-records.jpg]
[www.johnweldoncpa.com/images/image_library/articles/qb-tip-aug-1.jpg]
[www.johnweldoncpa.com/images/image_library/articles/qb-tip-aug-2.jpg]
[www.johnweldoncpa.com/content_library30b4.html]
[www.byfimages.com/resource_files/qb-payroll.jpg]
[www.johnweldoncpa.com/images/image_library/03-2018-figure-1.jpg]
[www.johnweldoncpa.com/images/image_library/03-2018-figure-2.jpg]
[www.johnweldoncpa.com/content_library5074.html]
[www.byfimages.com/resource_files/qb-budget.jpg]
[www.johnweldoncpa.com/images/image_library/06-2018-figure-1.jpg]
[www.johnweldoncpa.com/images/image_library/06-2018-figure-2.jpg]
[www.johnweldoncpa.com/content_library2998.html]
[www.byfimages.com/resource_files/qb-help-company.jpg]
[www.johnweldoncpa.com/images/image_library/8-2018-figure-1.jpg]
[www.johnweldoncpa.com/images/image_library/8-2018-figure-2.jpg]
[www.johnweldoncpa.com/content_library7a94.html]
[www.byfimages.com/resource_files/qbgraphic.jpg]
[www.johnweldoncpa.com/images/image_library/02-2018-figure-1.jpg]
[www.johnweldoncpa.com/images/image_library/02-2018-figure-2.jpg]
[www.johnweldoncpa.com/content_library1cb7.html]
[www.byfimages.com/resource_files/qb-tags.jpg]
[www.johnweldoncpa.com/images/image_library/articles/QBO-Apr2021-img1.jpg]
[www.johnweldoncpa.com/images/image_library/articles/QBO-Apr2021-img2.jpg]
[www.johnweldoncpa.com/content_libraryb101.html]
[www.byfimages.com/resource_files/manage-downloaded-transactions.jpg]
[www.johnweldoncpa.com/images/image_library/articles/QBO-May2021-img1.jpg]
[www.johnweldoncpa.com/images/image_library/articles/QBO-May2021-img2.jpg]
[www.johnweldoncpa.com/images/image_library/articles/QBO-May2021-img3.jpg]
[www.johnweldoncpa.com/content_librarye4ca.html]
[www.byfimages.com/resource_files/qb-billable-hours.jpg]
[www.johnweldoncpa.com/images/image_library/articles/QBO-Feb2021-img1.jpg]
[www.johnweldoncpa.com/images/image_library/articles/QBO-Feb2021-img2.jpg]
[www.johnweldoncpa.com/images/image_library/articles/QBO-Feb2021-img3.jpg]
[www.johnweldoncpa.com/content_library0ce2.html]
[www.byfimages.com/resource_files/gettyimages-1075993466_1_1200x600.jpg]
[www.johnweldoncpa.com/content_library92fa.html]
[www.byfimages.com/resource_files/gettyimages-498714252.jpg]
[www.johnweldoncpa.com/content_libraryb074.html]
[www.byfimages.com/resource_files/gettyimages-1405631817_1200x600.jpg]
[www.johnweldoncpa.com/content_library4456.html]
[www.byfimages.com/resource_files/gettyimages-1283554115-612x612_1200x600.jpg]
[www.johnweldoncpa.com/content_library8897.html]
[www.byfimages.com/resource_files/4.0trust_1200x600.jpg]
[www.johnweldoncpa.com/content_library9eb5.html]
[www.byfimages.com/resource_files/estateandtrust_1200x600.jpg]
[www.johnweldoncpa.com/content_library61f4.html]
[www.byfimages.com/resource_files/estates_trust1_1200x600.jpg]
[www.johnweldoncpa.com/content_library7a2d.html]
[www.byfimages.com/resource_files/more-than-taxes.jpg]
[www.johnweldoncpa.com/content_library1cc8.html]
[www.byfimages.com/resource_files/trust_to_help_instill_positive_values_in_children.jpg]
[www.johnweldoncpa.com/content_library1671.html]
[www.johnweldoncpa.com/content_libraryd2f4.html]
[www.byfimages.com/resource_files/gettyimages-1077607114_1200x600.jpg]
[www.johnweldoncpa.com/content_library5f09.html]
[www.byfimages.com/resource_files/gettyimages-1388107868_1200x600.jpg]
[www.johnweldoncpa.com/content_library8d28.html]
[www.byfimages.com/resource_files/gettyimages-956406468_1200x600.jpg]
[www.johnweldoncpa.com/content_library7aa4.html]
[www.byfimages.com/resource_files/retirement-rmd.jpg]
[www.johnweldoncpa.com/content_libraryd209.html]
[www.byfimages.com/resource_files/savid-child-future.jpg]
[www.johnweldoncpa.com/content_librarya624.html]
[www.johnweldoncpa.com/content_library0ca0.html]
[www.byfimages.com/resource_files/estate-planning.jpg]
[www.johnweldoncpa.com/content_libraryfbab.html]
[www.johnweldoncpa.com/content_library6d8f.html]
[www.johnweldoncpa.com/content_libraryf804.html]
[www.johnweldoncpa.com/content_library4b2f.html]
[www.byfimages.com/resource_files/trust-plan.jpg]
[www.johnweldoncpa.com/content_library2449.html]
[www.byfimages.com/resource_files/digital-assets.jpg]
[www.johnweldoncpa.com/content_libraryd794.html]
[www.byfimages.com/resource_files/pulse-of-estate-plan.jpg]
[www.johnweldoncpa.com/content_library6c63.html]
[www.byfimages.com/resource_files/give-gift.jpg]
[www.johnweldoncpa.com/content_library0923.html]
[www.byfimages.com/resource_files/types-of-trusts.jpg]
[www.johnweldoncpa.com/content_library0ad9.html]
[www.byfimages.com/resource_files/life-insurance-tax.jpg]
[www.johnweldoncpa.com/content_libraryd3db.html]
[www.byfimages.com/resource_files/trust-wealthy.jpg]
[www.johnweldoncpa.com/content_librarydc8a.html]
[www.byfimages.com/resource_files/roth-ira-beneficiaries.jpg]
[www.johnweldoncpa.com/content_libraryeed4.html]
[www.byfimages.com/resource_files/gettyimages-1435631336_1_1200x600.jpg]
[www.johnweldoncpa.com/content_librarye59a.html]
[www.byfimages.com/resource_files/gettyimages-1349414166.jpg]
[www.johnweldoncpa.com/content_library288f.html]
[www.byfimages.com/resource_files/gettyimages-1339246750_1200x600.jpg]
[www.johnweldoncpa.com/content_library67c4.html]
[www.byfimages.com/resource_files/gettyimages-622064048-612x612_1200x600.jpg]
[www.johnweldoncpa.com/content_library228f.html]
[www.byfimages.com/resource_files/4.0retirement_1200x600.jpg]
[www.johnweldoncpa.com/content_libraryb5ab.html]
[www.byfimages.com/resource_files/retirement_1200x600.jpg]
[www.johnweldoncpa.com/content_library9bcf.html]
[www.byfimages.com/resource_files/retirement1_1200x600.jpg]
[www.johnweldoncpa.com/content_librarycb69.html]
[www.byfimages.com/resource_files/gettyimages-1367623947_1200x600.jpg]
[www.johnweldoncpa.com/content_library6671.html]
[www.johnweldoncpa.com/content_library87ab.html]
[www.byfimages.com/resource_files/gettyimages-1378715743_1200x600.jpg]
[www.johnweldoncpa.com/content_libraryc791.html]
[www.byfimages.com/resource_files/gettyimages-1061262398_1200x600.jpg]
[www.johnweldoncpa.com/content_library0710.html]
[www.johnweldoncpa.com/content_libraryaedb.html]
[www.johnweldoncpa.com/content_library3474.html]
[www.johnweldoncpa.com/content_libraryec8b.html]
[www.johnweldoncpa.com/content_library5e65.html]
[www.johnweldoncpa.com/content_library6c93.html]
[www.johnweldoncpa.com/content_library293c.html]
[www.johnweldoncpa.com/content_library686a.html]
[www.byfimages.com/resource_files/gettyimages-1041098670_1200x600.jpg]
[www.johnweldoncpa.com/content_library3173.html]
[www.byfimages.com/resource_files/gettyimages-921356552_1200x600.jpg]
[www.johnweldoncpa.com/content_libraryc38c.html]
[www.johnweldoncpa.com/images/image_library/articles/TAX-PLAN-1123-image-2.html]
[www.byfimages.com/resource_files/gettyimages-1474838897.jpg]
[www.byfimages.com/resource_files/gettyimages-915488206.jpg]
